// Jest Snapshot v1, https://goo.gl/fbAQLP

exports[`removeCoupon remove from authenticated user basket returns the normalized basket response 1`] = `Object {}`;
