// Jest Snapshot v1, https://goo.gl/fbAQLP

exports[`fetchStaticRecommendation returns the normalized product response - with session channel 1`] = `
Array [
  Object {
    "key": "100000001100000002100000003",
    "products": Array [
      Object {
        "alternativeUrls": Object {
          "es-es": "",
          "pt-pt": "forcapil-anti-caida-del-cabello-arkopharma-30-capsulas",
        },
        "availability": "AVAILABLE",
        "enabled": true,
        "format": Object {
          "code": "shampooCode",
          "label": "Shampoo",
        },
        "labels": Array [
          Object {
            "label": "Outlet",
            "type": "pricing-tag-outlet",
          },
          Object {
            "label": "-11%",
            "type": "discount",
          },
        ],
        "largeImage": "https://d2csxpduxe849s.cloudfront.net/media/07EADC8C-9435-4B3D-87CF5EDA882A36F2/F1974216-C01C-415C-B00F4AEBC6928147/Product%20High-51236DF8-2D7D-4757-AF2614FABA305C0A.png",
        "mediumImage": "https://d2csxpduxe849s.cloudfront.net/media/07EADC8C-9435-4B3D-87CF5EDA882A36F2/F1974216-C01C-415C-B00F4AEBC6928147/Product%20Medium-51236DF8-2D7D-4757-AF2614FABA305C0A.png",
        "name": "Forcapil Anti-Caída del Cabello Arkopharma 30 Cápsulas",
        "price": Object {
          "currency": "EUR",
          "value": 8888,
        },
        "pricePerUnit": Object {
          "currency": "EUR",
          "unit": "100 ml",
          "value": 8888,
        },
        "productDatImage": "https://sandbox-atida.bynder.com/transform/db2e62c0-2c32-4e50-bee7-1a7a421323f1/ean_img_8833772266123_0",
        "productTileImage": "https://d2csxpduxe849s.cloudfront.net/media/07EADC8C-9435-4B3D-87CF5EDA882A36F2/F1974216-C01C-415C-B00F4AEBC6928147/Product%20Tile-51236DF8-2D7D-4757-AF2614FABA305C0A.png",
        "productTileRetinaImage": "https://d2csxpduxe849s.cloudfront.net/media/07EADC8C-9435-4B3D-87CF5EDA882A36F2/F1974216-C01C-415C-B00F4AEBC6928147/Product%20Tile%20Retina-51236DF8-2D7D-4757-AF2614FABA305C0A.png",
        "rrp": Object {
          "currency": "EUR",
          "value": 9999,
        },
        "sku": "100000001",
        "thumbnailImage": "https://d2csxpduxe849s.cloudfront.net/media/07EADC8C-9435-4B3D-87CF5EDA882A36F2/F1974216-C01C-415C-B00F4AEBC6928147/Product%20Tile%20Thumbnail-51236DF8-2D7D-4757-AF2614FABA305C0A.png",
        "unitVolume": Object {
          "amount": 100,
          "unit": "MILLILITER",
          "unitLabel": "ml",
        },
        "url": "/forcapil-anti-caida-del-cabello-arkopharma-30-capsulas",
      },
      Object {
        "alternativeUrls": Object {
          "es-es": "",
          "pt-pt": "forcapil-anti-caida-del-cabello-arkopharma-30-capsulas",
        },
        "availability": "AVAILABLE",
        "enabled": true,
        "format": Object {
          "code": "shampooCode",
          "label": "Shampoo",
        },
        "labels": Array [
          Object {
            "label": "Outlet",
            "type": "pricing-tag-outlet",
          },
          Object {
            "label": "-11%",
            "type": "discount",
          },
        ],
        "largeImage": "https://d2csxpduxe849s.cloudfront.net/media/07EADC8C-9435-4B3D-87CF5EDA882A36F2/F1974216-C01C-415C-B00F4AEBC6928147/Product%20High-51236DF8-2D7D-4757-AF2614FABA305C0A.png",
        "mediumImage": "https://d2csxpduxe849s.cloudfront.net/media/07EADC8C-9435-4B3D-87CF5EDA882A36F2/F1974216-C01C-415C-B00F4AEBC6928147/Product%20Medium-51236DF8-2D7D-4757-AF2614FABA305C0A.png",
        "name": "Forcapil Anti-Caída del Cabello Arkopharma 30 Cápsulas",
        "price": Object {
          "currency": "EUR",
          "value": 8888,
        },
        "pricePerUnit": Object {
          "currency": "EUR",
          "unit": "100 ml",
          "value": 8888,
        },
        "productDatImage": "https://sandbox-atida.bynder.com/transform/db2e62c0-2c32-4e50-bee7-1a7a421323f1/ean_img_8833772266123_0",
        "productTileImage": "https://d2csxpduxe849s.cloudfront.net/media/07EADC8C-9435-4B3D-87CF5EDA882A36F2/F1974216-C01C-415C-B00F4AEBC6928147/Product%20Tile-51236DF8-2D7D-4757-AF2614FABA305C0A.png",
        "productTileRetinaImage": "https://d2csxpduxe849s.cloudfront.net/media/07EADC8C-9435-4B3D-87CF5EDA882A36F2/F1974216-C01C-415C-B00F4AEBC6928147/Product%20Tile%20Retina-51236DF8-2D7D-4757-AF2614FABA305C0A.png",
        "rrp": Object {
          "currency": "EUR",
          "value": 9999,
        },
        "sku": "100000002",
        "thumbnailImage": "https://d2csxpduxe849s.cloudfront.net/media/07EADC8C-9435-4B3D-87CF5EDA882A36F2/F1974216-C01C-415C-B00F4AEBC6928147/Product%20Tile%20Thumbnail-51236DF8-2D7D-4757-AF2614FABA305C0A.png",
        "unitVolume": Object {
          "amount": 100,
          "unit": "MILLILITER",
          "unitLabel": "ml",
        },
        "url": "/forcapil-anti-caida-del-cabello-arkopharma-30-capsulas",
      },
      Object {
        "alternativeUrls": Object {
          "es-es": "",
          "pt-pt": "forcapil-anti-caida-del-cabello-arkopharma-30-capsulas",
        },
        "availability": "AVAILABLE",
        "enabled": true,
        "format": Object {
          "code": "shampooCode",
          "label": "Shampoo",
        },
        "labels": Array [
          Object {
            "label": "Outlet",
            "type": "pricing-tag-outlet",
          },
          Object {
            "label": "-11%",
            "type": "discount",
          },
        ],
        "largeImage": "https://d2csxpduxe849s.cloudfront.net/media/07EADC8C-9435-4B3D-87CF5EDA882A36F2/F1974216-C01C-415C-B00F4AEBC6928147/Product%20High-51236DF8-2D7D-4757-AF2614FABA305C0A.png",
        "mediumImage": "https://d2csxpduxe849s.cloudfront.net/media/07EADC8C-9435-4B3D-87CF5EDA882A36F2/F1974216-C01C-415C-B00F4AEBC6928147/Product%20Medium-51236DF8-2D7D-4757-AF2614FABA305C0A.png",
        "name": "Forcapil Anti-Caída del Cabello Arkopharma 30 Cápsulas",
        "price": Object {
          "currency": "EUR",
          "value": 8888,
        },
        "pricePerUnit": Object {
          "currency": "EUR",
          "unit": "100 ml",
          "value": 8888,
        },
        "productDatImage": "https://sandbox-atida.bynder.com/transform/db2e62c0-2c32-4e50-bee7-1a7a421323f1/ean_img_8833772266123_0",
        "productTileImage": "https://d2csxpduxe849s.cloudfront.net/media/07EADC8C-9435-4B3D-87CF5EDA882A36F2/F1974216-C01C-415C-B00F4AEBC6928147/Product%20Tile-51236DF8-2D7D-4757-AF2614FABA305C0A.png",
        "productTileRetinaImage": "https://d2csxpduxe849s.cloudfront.net/media/07EADC8C-9435-4B3D-87CF5EDA882A36F2/F1974216-C01C-415C-B00F4AEBC6928147/Product%20Tile%20Retina-51236DF8-2D7D-4757-AF2614FABA305C0A.png",
        "rrp": Object {
          "currency": "EUR",
          "value": 9999,
        },
        "sku": "100000003",
        "thumbnailImage": "https://d2csxpduxe849s.cloudfront.net/media/07EADC8C-9435-4B3D-87CF5EDA882A36F2/F1974216-C01C-415C-B00F4AEBC6928147/Product%20Tile%20Thumbnail-51236DF8-2D7D-4757-AF2614FABA305C0A.png",
        "unitVolume": Object {
          "amount": 100,
          "unit": "MILLILITER",
          "unitLabel": "ml",
        },
        "url": "/forcapil-anti-caida-del-cabello-arkopharma-30-capsulas",
      },
    ],
  },
]
`;

exports[`fetchStaticRecommendation returns the normalized product response - without session channel 1`] = `
Array [
  Object {
    "key": "100000001100000002100000003",
    "products": Array [
      Object {
        "alternativeUrls": Object {
          "es-es": "",
          "pt-pt": "forcapil-anti-caida-del-cabello-arkopharma-30-capsulas",
        },
        "availability": "AVAILABLE",
        "enabled": true,
        "format": Object {
          "code": "shampooCode",
          "label": "Shampoo",
        },
        "labels": Array [
          Object {
            "label": "Outlet",
            "type": "pricing-tag-outlet",
          },
          Object {
            "label": "-11%",
            "type": "discount",
          },
        ],
        "largeImage": "https://d2csxpduxe849s.cloudfront.net/media/07EADC8C-9435-4B3D-87CF5EDA882A36F2/F1974216-C01C-415C-B00F4AEBC6928147/Product%20High-51236DF8-2D7D-4757-AF2614FABA305C0A.png",
        "mediumImage": "https://d2csxpduxe849s.cloudfront.net/media/07EADC8C-9435-4B3D-87CF5EDA882A36F2/F1974216-C01C-415C-B00F4AEBC6928147/Product%20Medium-51236DF8-2D7D-4757-AF2614FABA305C0A.png",
        "name": "Forcapil Anti-Caída del Cabello Arkopharma 30 Cápsulas",
        "price": Object {
          "currency": "EUR",
          "value": 8888,
        },
        "pricePerUnit": Object {
          "currency": "EUR",
          "unit": "100 ml",
          "value": 8888,
        },
        "productDatImage": "https://sandbox-atida.bynder.com/transform/db2e62c0-2c32-4e50-bee7-1a7a421323f1/ean_img_8833772266123_0",
        "productTileImage": "https://d2csxpduxe849s.cloudfront.net/media/07EADC8C-9435-4B3D-87CF5EDA882A36F2/F1974216-C01C-415C-B00F4AEBC6928147/Product%20Tile-51236DF8-2D7D-4757-AF2614FABA305C0A.png",
        "productTileRetinaImage": "https://d2csxpduxe849s.cloudfront.net/media/07EADC8C-9435-4B3D-87CF5EDA882A36F2/F1974216-C01C-415C-B00F4AEBC6928147/Product%20Tile%20Retina-51236DF8-2D7D-4757-AF2614FABA305C0A.png",
        "rrp": Object {
          "currency": "EUR",
          "value": 9999,
        },
        "sku": "100000001",
        "thumbnailImage": "https://d2csxpduxe849s.cloudfront.net/media/07EADC8C-9435-4B3D-87CF5EDA882A36F2/F1974216-C01C-415C-B00F4AEBC6928147/Product%20Tile%20Thumbnail-51236DF8-2D7D-4757-AF2614FABA305C0A.png",
        "unitVolume": Object {
          "amount": 100,
          "unit": "MILLILITER",
          "unitLabel": "ml",
        },
        "url": "/forcapil-anti-caida-del-cabello-arkopharma-30-capsulas",
      },
      Object {
        "alternativeUrls": Object {
          "es-es": "",
          "pt-pt": "forcapil-anti-caida-del-cabello-arkopharma-30-capsulas",
        },
        "availability": "AVAILABLE",
        "enabled": true,
        "format": Object {
          "code": "shampooCode",
          "label": "Shampoo",
        },
        "labels": Array [
          Object {
            "label": "Outlet",
            "type": "pricing-tag-outlet",
          },
          Object {
            "label": "-11%",
            "type": "discount",
          },
        ],
        "largeImage": "https://d2csxpduxe849s.cloudfront.net/media/07EADC8C-9435-4B3D-87CF5EDA882A36F2/F1974216-C01C-415C-B00F4AEBC6928147/Product%20High-51236DF8-2D7D-4757-AF2614FABA305C0A.png",
        "mediumImage": "https://d2csxpduxe849s.cloudfront.net/media/07EADC8C-9435-4B3D-87CF5EDA882A36F2/F1974216-C01C-415C-B00F4AEBC6928147/Product%20Medium-51236DF8-2D7D-4757-AF2614FABA305C0A.png",
        "name": "Forcapil Anti-Caída del Cabello Arkopharma 30 Cápsulas",
        "price": Object {
          "currency": "EUR",
          "value": 8888,
        },
        "pricePerUnit": Object {
          "currency": "EUR",
          "unit": "100 ml",
          "value": 8888,
        },
        "productDatImage": "https://sandbox-atida.bynder.com/transform/db2e62c0-2c32-4e50-bee7-1a7a421323f1/ean_img_8833772266123_0",
        "productTileImage": "https://d2csxpduxe849s.cloudfront.net/media/07EADC8C-9435-4B3D-87CF5EDA882A36F2/F1974216-C01C-415C-B00F4AEBC6928147/Product%20Tile-51236DF8-2D7D-4757-AF2614FABA305C0A.png",
        "productTileRetinaImage": "https://d2csxpduxe849s.cloudfront.net/media/07EADC8C-9435-4B3D-87CF5EDA882A36F2/F1974216-C01C-415C-B00F4AEBC6928147/Product%20Tile%20Retina-51236DF8-2D7D-4757-AF2614FABA305C0A.png",
        "rrp": Object {
          "currency": "EUR",
          "value": 9999,
        },
        "sku": "100000002",
        "thumbnailImage": "https://d2csxpduxe849s.cloudfront.net/media/07EADC8C-9435-4B3D-87CF5EDA882A36F2/F1974216-C01C-415C-B00F4AEBC6928147/Product%20Tile%20Thumbnail-51236DF8-2D7D-4757-AF2614FABA305C0A.png",
        "unitVolume": Object {
          "amount": 100,
          "unit": "MILLILITER",
          "unitLabel": "ml",
        },
        "url": "/forcapil-anti-caida-del-cabello-arkopharma-30-capsulas",
      },
      Object {
        "alternativeUrls": Object {
          "es-es": "",
          "pt-pt": "forcapil-anti-caida-del-cabello-arkopharma-30-capsulas",
        },
        "availability": "AVAILABLE",
        "enabled": true,
        "format": Object {
          "code": "shampooCode",
          "label": "Shampoo",
        },
        "labels": Array [
          Object {
            "label": "Outlet",
            "type": "pricing-tag-outlet",
          },
          Object {
            "label": "-11%",
            "type": "discount",
          },
        ],
        "largeImage": "https://d2csxpduxe849s.cloudfront.net/media/07EADC8C-9435-4B3D-87CF5EDA882A36F2/F1974216-C01C-415C-B00F4AEBC6928147/Product%20High-51236DF8-2D7D-4757-AF2614FABA305C0A.png",
        "mediumImage": "https://d2csxpduxe849s.cloudfront.net/media/07EADC8C-9435-4B3D-87CF5EDA882A36F2/F1974216-C01C-415C-B00F4AEBC6928147/Product%20Medium-51236DF8-2D7D-4757-AF2614FABA305C0A.png",
        "name": "Forcapil Anti-Caída del Cabello Arkopharma 30 Cápsulas",
        "price": Object {
          "currency": "EUR",
          "value": 8888,
        },
        "pricePerUnit": Object {
          "currency": "EUR",
          "unit": "100 ml",
          "value": 8888,
        },
        "productDatImage": "https://sandbox-atida.bynder.com/transform/db2e62c0-2c32-4e50-bee7-1a7a421323f1/ean_img_8833772266123_0",
        "productTileImage": "https://d2csxpduxe849s.cloudfront.net/media/07EADC8C-9435-4B3D-87CF5EDA882A36F2/F1974216-C01C-415C-B00F4AEBC6928147/Product%20Tile-51236DF8-2D7D-4757-AF2614FABA305C0A.png",
        "productTileRetinaImage": "https://d2csxpduxe849s.cloudfront.net/media/07EADC8C-9435-4B3D-87CF5EDA882A36F2/F1974216-C01C-415C-B00F4AEBC6928147/Product%20Tile%20Retina-51236DF8-2D7D-4757-AF2614FABA305C0A.png",
        "rrp": Object {
          "currency": "EUR",
          "value": 9999,
        },
        "sku": "100000003",
        "thumbnailImage": "https://d2csxpduxe849s.cloudfront.net/media/07EADC8C-9435-4B3D-87CF5EDA882A36F2/F1974216-C01C-415C-B00F4AEBC6928147/Product%20Tile%20Thumbnail-51236DF8-2D7D-4757-AF2614FABA305C0A.png",
        "unitVolume": Object {
          "amount": 100,
          "unit": "MILLILITER",
          "unitLabel": "ml",
        },
        "url": "/forcapil-anti-caida-del-cabello-arkopharma-30-capsulas",
      },
    ],
  },
]
`;
