// Jest Snapshot v1, https://goo.gl/fbAQLP

exports[`getCashBalance balance with amount returns the correct response 1`] = `
Object {
  "total": 20,
}
`;
